** transistor-controlling polycide word line
C ./ramcell-4.6.qui 3.9 0.0 0.0 0.01 +
C ./ramcell-3.4.qui 3.9 0.0 0.0 0.01 +
C ./ramcell-2.4.qui 3.9 0.0 0.0 0.01 +
C ./ramcell0.qui 3.9 0.0 0.0 0.01 +
C ./ramcell1.qui 3.9 0.0 0.0 0.01 +
C ./ramcell3.4.qui 3.9 0.0 0.0 0.01 +
C ./ramcell4.4.qui 3.9 0.0 0.0 0.01
** other polycide word line
C ./ramcello-4.6.qui 3.9 0.0 0.0 0.01 +
C ./ramcello-3.4.qui 3.9 0.0 0.0 0.01 +
C ./ramcello-2.4.qui 3.9 0.0 0.0 0.01 +
C ./ramcello0.qui 3.9 0.0 0.0 0.01 +
C ./ramcello1.qui 3.9 0.0 0.0 0.01 +
C ./ramcello3.4.qui 3.9 0.0 0.0 0.01 +
C ./ramcello4.4.qui 3.9 0.0 0.0 0.01
** storage node plate
C ./ramcellp4.5.qui 3.9 0.0 0.0 0.01 +
C ./ramcellp5.5.qui 3.9 0.0 0.0 0.01 +
C ./ramcellp6.6.qui 3.9 0.0 0.0 0.01
** left Al word line (view from +x towards xz plane)
C ./ramcellw-4.6.qui 7 0.0 0.0 1.8 +
C ./ramcellwb-4.6.qui 3.9 0.0 0.0 1.8 +
C ./ramcellw-3.4.qui 7 0.0 0.0 1.8 +
C ./ramcellwb-3.4.qui 3.9 0.0 0.0 1.8 +
C ./ramcellw-2.4.qui 7 0.0 0.0 1.8 +
C ./ramcellwb-2.4.qui 3.9 0.0 0.0 1.8 +
C ./ramcellw0.qui 7 0.0 0.0 1.8 +
C ./ramcellwb0.qui 3.9 0.0 0.0 1.8 +
C ./ramcellw1.qui 7 0.0 0.0 1.8 +
C ./ramcellwb1.qui 3.9 0.0 0.0 1.8 +
C ./ramcellw3.4.qui 7 0.0 0.0 1.8 +
C ./ramcellwb3.4.qui 3.9 0.0 0.0 1.8 +
C ./ramcellw4.4.qui 7 0.0 0.0 1.8 +
C ./ramcellwb4.4.qui 3.9 0.0 0.0 1.8
** right Al word line (view from +x towards xz plane)
C ./ramcellw-4.6.qui 7 0.0 3.0 2.2 +
C ./ramcellwb-4.6.qui 3.9 0.0 3.0 2.2 +
C ./ramcellw-3.4.qui 7 0.0 3.0 2.2 +
C ./ramcellwb-3.4.qui 3.9 0.0 3.0 2.2 +
C ./ramcellw-2.4.qui 7 0.0 3.0 2.2 +
C ./ramcellwb-2.4.qui 3.9 0.0 3.0 2.2 +
C ./ramcellw0.qui 7 0.0 3.0 2.2 +
C ./ramcellwb0.qui 3.9 0.0 3.0 2.2 +
C ./ramcellw1.qui 7 0.0 3.0 2.2 +
C ./ramcellwb1.qui 3.9 0.0 3.0 2.2 +
C ./ramcellw3.4.qui 7 0.0 3.0 2.2 +
C ./ramcellwb3.4.qui 3.9 0.0 3.0 2.2 +
C ./ramcellw4.4.qui 7 0.0 3.0 2.2 +
C ./ramcellwb4.4.qui 3.9 0.0 3.0 2.2
** center polycide bit line
C ./ramcellb2.5.qui 3.9 0.0 0.0 0.0 +
C ./ramcellb3.5.qui 3.9 0.0 0.0 0.0 +
C ./ramcellb5.5.qui 3.9 0.0 0.0 0.0 +
C ./ramcellb6.5.qui 3.9 0.0 0.0 0.0 +
C ./ramcell_bitl.neu 3.9 0.0 0.0 0.0
** left polycide bit line (view from -x, -y, +z)
C ./ramcellb2.5.qui 3.9 -3.4 0.0 0.0 +
C ./ramcellb3.5.qui 3.9 -3.4 0.0 0.0 +
C ./ramcellb5.5.qui 3.9 -3.4 0.0 0.0 +
C ./ramcellb6.5.qui 3.9 -3.4 0.0 0.0 +
C ./ramcell_bitl.neu 3.9 -3.4 0.0 0.0
** right polycide bit line (view from -x, -y, +z)
C ./ramcellb2.5.qui 3.9 3.4 0.0 0.0 +
C ./ramcellb3.5.qui 3.9 3.4 0.0 0.0 +
C ./ramcellb5.5.qui 3.9 3.4 0.0 0.0 +
C ./ramcellb6.5.qui 3.9 3.4 0.0 0.0 +
C ./ramcell_bitl.neu 3.9 3.4 0.0 0.0
** top Si3Ni4/air interface
D ./ramcell_topd.neu 1.0 7 0.0 0.0 0.0 2.2 4.5 -5.0 -
D ./ramcell_topd.neu 1.0 7 -3.4 0.0 0.0 2.2 4.5 -5.0 -
D ./ramcell_topd.neu 1.0 7 3.4 0.0 0.0 2.2 4.5 -5.0 -
** top Si3Ni4/SiO2 interface
D ./ramcell_botd.neu 3.9 7 0.0 0.0 0.0 2.2 4.5 5.0 -
D ./ramcell_botd.neu 3.9 7 -3.4 0.0 0.0 2.2 4.5 5.0 -
D ./ramcell_botd.neu 3.9 7 3.4 0.0 0.0 2.2 4.5 5.0 -
** flat part of ground plane, nearest pits
C ./ramcellg-4.6.qui 3.9 0.0 0.0 0.0 +
C ./ramcellg-3.4.qui 3.9 0.0 0.0 0.0 +
C ./ramcellg-2.4.qui 3.9 0.0 0.0 0.0 +
C ./ramcellg0.qui 3.9 0.0 0.0 0.0 +
C ./ramcellg1.qui 3.9 0.0 0.0 0.0 +
C ./ramcellg3.4.qui 3.9 0.0 0.0 0.0 +
C ./ramcellg4.4.qui 3.9 0.0 0.0 0.0 +
** flat part of ground plane, 2nd from pits
C ./ramcellg-4.6.qui 3.9 0.0 1.0 0.0 +
C ./ramcellg-3.4.qui 3.9 0.0 1.0 0.0 +
C ./ramcellg-2.4.qui 3.9 0.0 1.0 0.0 +
C ./ramcellg0.qui 3.9 0.0 1.0 0.0 +
C ./ramcellg1.qui 3.9 0.0 1.0 0.0 +
C ./ramcellg3.4.qui 3.9 0.0 1.0 0.0 +
C ./ramcellg4.4.qui 3.9 0.0 1.0 0.0 +
** flat part of ground plane, 3rd from pits
C ./ramcellg-4.6.qui 3.9 0.0 2.0 0.0 +
C ./ramcellg-3.4.qui 3.9 0.0 2.0 0.0 +
C ./ramcellg-2.4.qui 3.9 0.0 2.0 0.0 +
C ./ramcellg0.qui 3.9 0.0 2.0 0.0 +
C ./ramcellg1.qui 3.9 0.0 2.0 0.0 +
C ./ramcellg3.4.qui 3.9 0.0 2.0 0.0 +
C ./ramcellg4.4.qui 3.9 0.0 2.0 0.0 +
** flat part of ground plane, 4th from pits
C ./ramcellg-4.6.qui 3.9 0.0 3.0 0.0 +
C ./ramcellg-3.4.qui 3.9 0.0 3.0 0.0 +
C ./ramcellg-2.4.qui 3.9 0.0 3.0 0.0 +
C ./ramcellg0.qui 3.9 0.0 3.0 0.0 +
C ./ramcellg1.qui 3.9 0.0 3.0 0.0 +
C ./ramcellg3.4.qui 3.9 0.0 3.0 0.0 +
C ./ramcellg4.4.qui 3.9 0.0 3.0 0.0 +
** ground plane pits
C ./ramcell_gnd.neu 3.9 0.0 0.0 0.0 +
C ./ramcell_gnd.neu 3.9 3.4 0.0 0.0 +
C ./ramcell_gnd.neu 3.9 -3.4 0.0 0.0 +
** flat part of ground plane, wide strip
C ./ramcellgw-4.6.qui 3.9 0.0 0.0 0.0 +
C ./ramcellgw-3.4.qui 3.9 0.0 0.0 0.0 +
C ./ramcellgw-2.4.qui 3.9 0.0 0.0 0.0 +
C ./ramcellgw0.qui 3.9 0.0 0.0 0.0 +
C ./ramcellgw1.qui 3.9 0.0 0.0 0.0 +
C ./ramcellgw3.4.qui 3.9 0.0 0.0 0.0 +
C ./ramcellgw4.4.qui 3.9 0.0 0.0 0.0
